Vivado Simulator v2026.1
Copyright 1986-2022 Xilinx, Inc. All Rights Reserved.
Copyright 2022-2026 Advanced Micro Devices, Inc. All Rights Reserved.
Running: C:/AMDDesignTools/2026.1/Vivado/bin/unwrapped/win64.o/xelab.exe --incr --debug typical --relax --mt 2 -L xil_defaultlib -L unisims_ver -L unimacro_ver -L secureip --snapshot tb_final_term_behav xil_defaultlib.tb_final_term xil_defaultlib.glbl -log elaborate.log 
INFO: [XSIM 43-3493] Using 2 slave threads.
Starting static elaboration
Pass Through NonSizing Optimizer
Completed static elaboration
Starting simulation data flow analysis
Completed simulation data flow analysis
Time Resolution for simulation is 1ps
Compiling module xil_defaultlib.divide_clock
Compiling module xil_defaultlib.test
Compiling module xil_defaultlib.mode_1
Compiling module xil_defaultlib.mode_2
Compiling module xil_defaultlib.mode_3
Compiling module xil_defaultlib.mode_4
Compiling module xil_defaultlib.final_term
Compiling module xil_defaultlib.tb_final_term
Compiling module xil_defaultlib.glbl
Built simulation snapshot tb_final_term_behav
