INFO: [Common 17-3922] A valid Vivado Design Suite BASIC license has been detected. Your current license is active and will expire on 18-aug-2027.
#-----------------------------------------------------------
# Vivado v2026.1 (64-bit)
# SW Build 6511674 on Tue Jun 16 11:02:23 MDT 2026
# IP Build 6504888 on Tue Jun 09 09:05:25 MDT 2026
# SharedData Build 6501428 on Mon Jun 08 17:34:18 MDT 2026
# Start of session at: Wed Aug 26 08:01:02 2026
# Process ID         : 22084
# Current directory  : C:/Users/LENOVO/Desktop/DSDL323564/SS2/counter-8bit-speed-control/counter-8bit-speed-control-simulator
# Command line       : vivado.exe -gui_launcher_event rodinguilauncherevent20956 C:\Users\LENOVO\Desktop\DSDL323564\SS2\counter-8bit-speed-control\counter-8bit-speed-control-simulator\counter-8bit-speed-control-simulator.xpr
# Log file           : C:/Users/LENOVO/Desktop/DSDL323564/SS2/counter-8bit-speed-control/counter-8bit-speed-control-simulator/vivado.log
# Journal file       : C:/Users/LENOVO/Desktop/DSDL323564/SS2/counter-8bit-speed-control/counter-8bit-speed-control-simulator\vivado.jou
# Running On         : KHANHLQ
# Platform           : Windows 11
# Operating System   : 26200
# Processor Detail   : AMD Ryzen 7 7735HS with Radeon Graphics        
# CPU Frequency      : 3194 MHz
# CPU Physical cores : 8
# CPU Logical cores  : 16
# Host memory        : 14286 MB
# Swap memory        : 2818 MB
# Total Virtual      : 17105 MB
# Available Virtual  : 2791 MB
#-----------------------------------------------------------
start_gui
open_project C:/Users/LENOVO/Desktop/DSDL323564/SS2/counter-8bit-speed-control/counter-8bit-speed-control-simulator/counter-8bit-speed-control-simulator.xpr
INFO: [ProjectBase 1-489] The host OS only allows 260 characters in a normal path. The project is stored in a path with more than 80 characters. If you experience issues with IP, Block Designs, or files not being found, please consider moving the project to a location with a shorter path. Alternately consider using the OS subst command to map part of the path to a drive letter.
Current project path is 'C:/Users/LENOVO/Desktop/DSDL323564/SS2/counter-8bit-speed-control/counter-8bit-speed-control-simulator'
INFO: [filemgmt 56-3] Default IP Output Path : Could not find the directory 'C:/Users/LENOVO/Desktop/DSDL323564/SS2/counter-8bit-speed-control/counter-8bit-speed-control-simulator/counter-8bit-speed-control-simulator.gen/sources_1'.
Scanning sources...
Finished scanning sources
WARNING: [Project 1-5713] Board part '' set for the project  is not found. BoardPart property will be unset. Please select board from latest repo build 
INFO: [IP_Flow 19-234] Refreshing IP repositories
INFO: [IP_Flow 19-1704] No user IP repositories specified
INFO: [IP_Flow 19-2313] Loaded Vivado IP repository 'C:/AMDDesignTools/2026.1/Vivado/data/ip'.
open_project: Time (s): cpu = 00:00:43 ; elapsed = 00:00:24 . Memory (MB): peak = 1722.359 ; gain = 329.441
