Vivado Simulator v2026.1
Copyright 1986-2022 Xilinx, Inc. All Rights Reserved.
Copyright 2022-2026 Advanced Micro Devices, Inc. All Rights Reserved.
Running: C:/AMDDesignTools/2026.1/Vivado/bin/unwrapped/win64.o/xelab.exe --incr --debug typical --relax --mt 2 -L xil_defaultlib -L unisims_ver -L unimacro_ver -L secureip --snapshot led_controller_tb_behav xil_defaultlib.led_controller_tb xil_defaultlib.glbl -log elaborate.log 
INFO: [XSIM 43-3493] Using 2 slave threads.
Starting static elaboration
Pass Through NonSizing Optimizer
Completed static elaboration
Starting simulation data flow analysis
Completed simulation data flow analysis
Time Resolution for simulation is 1ps
Compiling module xil_defaultlib.divide_clock
Compiling module xil_defaultlib.mode1
Compiling module xil_defaultlib.mode2
Compiling module xil_defaultlib.mode3
Compiling module xil_defaultlib.mode4
Compiling module xil_defaultlib.led_blink
Compiling module xil_defaultlib.led_controller
Compiling module xil_defaultlib.led_controller_tb
Compiling module xil_defaultlib.glbl
Built simulation snapshot led_controller_tb_behav
